... logging to /home/sun/.ros/log/10f36c30-9ba8-11f1-9ff1-fc221c3008c1/roslaunch-ubuntu1804-5497.log
Checking log directory for disk usage. This may take a while.
Press Ctrl-C to interrupt
Done checking log file disk usage. Usage is <1GB.
]2;/home/sun/LLL/catkin_ws/src/stsm_madp/launch/arm_view.launch
[1mstarted roslaunch server http://ubuntu1804:43535/[0m

SUMMARY
========

PARAMETERS
 * /elfin_arm_controller/action_monitor_rate: 10
 * /elfin_arm_controller/constraints/goal_time: 0.6
 * /elfin_arm_controller/constraints/stopped_velocity_tolerance: 0.1
 * /elfin_arm_controller/joints: ['elfin_joint1', ...
 * /elfin_arm_controller/state_publish_rate: 25
 * /elfin_arm_controller/stop_trajectory_duration: 0.05
 * /elfin_arm_controller/type: position_controll...
 * /gazebo/enable_ros_network: True
 * /joint_state_controller/publish_rate: 50
 * /joint_state_controller/type: joint_state_contr...
 * /move_group/allow_trajectory_execution: True
 * /move_group/controller_list: [{'default': True...
 * /move_group/controller_manager_ns: elfin_controller_...
 * /move_group/elfin_arm/longest_valid_segment_fraction: 0.05
 * /move_group/elfin_arm/planner_configs: ['SBLkConfigDefau...
 * /move_group/elfin_arm/projection_evaluator: joints(elfin_join...
 * /move_group/elfin_end_group/planner_configs: ['SBLkConfigDefau...
 * /move_group/jiggle_fraction: 0.05
 * /move_group/max_range: 5.0
 * /move_group/max_safe_path_cost: 1
 * /move_group/moveit_controller_manager: moveit_simple_con...
 * /move_group/moveit_manage_controllers: True
 * /move_group/octomap_resolution: 0.025
 * /move_group/planner_configs/BKPIECEkConfigDefault/border_fraction: 0.9
 * /move_group/planner_configs/BKPIECEkConfigDefault/failed_expansion_score_factor: 0.5
 * /move_group/planner_configs/BKPIECEkConfigDefault/min_valid_path_fraction: 0.5
 * /move_group/planner_configs/BKPIECEkConfigDefault/range: 0.0
 * /move_group/planner_configs/BKPIECEkConfigDefault/type: geometric::BKPIECE
 * /move_group/planner_configs/ESTkConfigDefault/goal_bias: 0.05
 * /move_group/planner_configs/ESTkConfigDefault/range: 0.0
 * /move_group/planner_configs/ESTkConfigDefault/type: geometric::EST
 * /move_group/planner_configs/KPIECEkConfigDefault/border_fraction: 0.9
 * /move_group/planner_configs/KPIECEkConfigDefault/failed_expansion_score_factor: 0.5
 * /move_group/planner_configs/KPIECEkConfigDefault/goal_bias: 0.05
 * /move_group/planner_configs/KPIECEkConfigDefault/min_valid_path_fraction: 0.5
 * /move_group/planner_configs/KPIECEkConfigDefault/range: 0.0
 * /move_group/planner_configs/KPIECEkConfigDefault/type: geometric::KPIECE
 * /move_group/planner_configs/LBKPIECEkConfigDefault/border_fraction: 0.9
 * /move_group/planner_configs/LBKPIECEkConfigDefault/min_valid_path_fraction: 0.5
 * /move_group/planner_configs/LBKPIECEkConfigDefault/range: 0.0
 * /move_group/planner_configs/LBKPIECEkConfigDefault/type: geometric::LBKPIECE
 * /move_group/planner_configs/PRMkConfigDefault/max_nearest_neighbors: 10
 * /move_group/planner_configs/PRMkConfigDefault/type: geometric::PRM
 * /move_group/planner_configs/PRMstarkConfigDefault/type: geometric::PRMstar
 * /move_group/planner_configs/RRTConnectkConfigDefault/range: 0.0
 * /move_group/planner_configs/RRTConnectkConfigDefault/type: geometric::RRTCon...
 * /move_group/planner_configs/RRTkConfigDefault/goal_bias: 0.05
 * /move_group/planner_configs/RRTkConfigDefault/range: 0.0
 * /move_group/planner_configs/RRTkConfigDefault/type: geometric::RRT
 * /move_group/planner_configs/RRTstarkConfigDefault/delay_collision_checking: 1
 * /move_group/planner_configs/RRTstarkConfigDefault/goal_bias: 0.05
 * /move_group/planner_configs/RRTstarkConfigDefault/range: 0.0
 * /move_group/planner_configs/RRTstarkConfigDefault/type: geometric::RRTstar
 * /move_group/planner_configs/SBLkConfigDefault/range: 0.0
 * /move_group/planner_configs/SBLkConfigDefault/type: geometric::SBL
 * /move_group/planner_configs/TRRTkConfigDefault/frountierNodeRatio: 0.1
 * /move_group/planner_configs/TRRTkConfigDefault/frountier_threshold: 0.0
 * /move_group/planner_configs/TRRTkConfigDefault/goal_bias: 0.05
 * /move_group/planner_configs/TRRTkConfigDefault/init_temperature: 10e-6
 * /move_group/planner_configs/TRRTkConfigDefault/k_constant: 0.0
 * /move_group/planner_configs/TRRTkConfigDefault/max_states_failed: 10
 * /move_group/planner_configs/TRRTkConfigDefault/min_temperature: 10e-10
 * /move_group/planner_configs/TRRTkConfigDefault/range: 0.0
 * /move_group/planner_configs/TRRTkConfigDefault/temp_change_factor: 2.0
 * /move_group/planner_configs/TRRTkConfigDefault/type: geometric::TRRT
 * /move_group/planning_plugin: ompl_interface/OM...
 * /move_group/planning_scene_monitor/publish_geometry_updates: True
 * /move_group/planning_scene_monitor/publish_planning_scene: True
 * /move_group/planning_scene_monitor/publish_state_updates: True
 * /move_group/planning_scene_monitor/publish_transforms_updates: True
 * /move_group/request_adapters: default_planner_r...
 * /move_group/start_state_max_bounds_error: 0.1
 * /move_group/trajectory_execution/allowed_execution_duration_scaling: 4.0
 * /move_group/trajectory_execution/allowed_goal_duration_margin: 0.5
 * /move_group/trajectory_execution/allowed_start_tolerance: 0.01
 * /move_group/trajectory_execution/execution_duration_monitoring: False
 * /robot_description: <?xml version="1....
 * /robot_description_kinematics/elfin_arm/kinematics_solver: trac_ik_kinematic...
 * /robot_description_kinematics/elfin_arm/kinematics_solver_attempts: 3
 * /robot_description_kinematics/elfin_arm/kinematics_solver_search_resolution: 0.005
 * /robot_description_kinematics/elfin_arm/kinematics_solver_timeout: 0.05
 * /robot_description_planning/joint_limits/elfin_joint1/has_acceleration_limits: True
 * /robot_description_planning/joint_limits/elfin_joint1/has_velocity_limits: True
 * /robot_description_planning/joint_limits/elfin_joint1/max_acceleration: 12.56
 * /robot_description_planning/joint_limits/elfin_joint1/max_velocity: 1.57
 * /robot_description_planning/joint_limits/elfin_joint2/has_acceleration_limits: True
 * /robot_description_planning/joint_limits/elfin_joint2/has_velocity_limits: True
 * /robot_description_planning/joint_limits/elfin_joint2/max_acceleration: 12.56
 * /robot_description_planning/joint_limits/elfin_joint2/max_velocity: 1.57
 * /robot_description_planning/joint_limits/elfin_joint3/has_acceleration_limits: True
 * /robot_description_planning/joint_limits/elfin_joint3/has_velocity_limits: True
 * /robot_description_planning/joint_limits/elfin_joint3/max_acceleration: 12.56
 * /robot_description_planning/joint_limits/elfin_joint3/max_velocity: 1.57
 * /robot_description_planning/joint_limits/elfin_joint4/has_acceleration_limits: True
 * /robot_description_planning/joint_limits/elfin_joint4/has_velocity_limits: True
 * /robot_description_planning/joint_limits/elfin_joint4/max_acceleration: 12.56
 * /robot_description_planning/joint_limits/elfin_joint4/max_velocity: 1.57
 * /robot_description_planning/joint_limits/elfin_joint5/has_acceleration_limits: True
 * /robot_description_planning/joint_limits/elfin_joint5/has_velocity_limits: True
 * /robot_description_planning/joint_limits/elfin_joint5/max_acceleration: 12.56
 * /robot_description_planning/joint_limits/elfin_joint5/max_velocity: 1.57
 * /robot_description_planning/joint_limits/elfin_joint6/has_acceleration_limits: True
 * /robot_description_planning/joint_limits/elfin_joint6/has_velocity_limits: True
 * /robot_description_planning/joint_limits/elfin_joint6/max_acceleration: 12.56
 * /robot_description_planning/joint_limits/elfin_joint6/max_velocity: 1.57
 * /robot_description_semantic: <?xml version="1....
 * /robot_state_publisher/publish_frequency: 50.0
 * /rosdistro: melodic
 * /rosversion: 1.14.13
 * /stsm_handover/scene/anchors/table/center: [0.55, 0.0, -0.37]
 * /stsm_handover/scene/anchors/table/forbidden: False
 * /stsm_handover/scene/anchors/table/half_extent: [0.3, 0.5, 0.37]
 * /stsm_handover/scene/anchors/table/type: table
 * /stsm_handover/scene/anchors/table/weight: 1.0
 * /stsm_handover/scene/field/lam_body: 2.5
 * /stsm_handover/scene/field/lam_close: 1.2
 * /stsm_handover/scene/field/lam_dir: 0.6
 * /stsm_handover/scene/field/lam_env: 0.8
 * /stsm_handover/scene/field/lam_prox: 1.0
 * /stsm_handover/scene/field/sigma_env: 0.25
 * /stsm_handover/scene/grasp_pose: [0.34, 0.16, 0.05]
 * /stsm_handover/scene/handover_minima_pose: [0.36, 0.05, 0.18]
 * /stsm_handover/scene/handover_pose: [0.42, 0.0, 0.21]
 * /stsm_handover/scene/interest_points/enabled: True
 * /stsm_handover/scene/interest_points/fallback_to_ee_only: True
 * /stsm_handover/scene/interest_points/gate_enabled: True
 * /stsm_handover/scene/interest_points/labels: ['ee', 'wrist', '...
 * /stsm_handover/scene/interest_points/links/elbow/enabled: True
 * /stsm_handover/scene/interest_points/links/elbow/link_name: elfin_link3
 * /stsm_handover/scene/interest_points/links/wrist/enabled: True
 * /stsm_handover/scene/interest_points/links/wrist/link_name: elfin_link5
 * /stsm_handover/scene/interest_points/min_scale: 0.2
 * /stsm_handover/scene/interest_points/object/enabled: True
 * /stsm_handover/scene/interest_points/object/source: ee_offset
 * /stsm_handover/scene/interest_points/object_offset: [0.0, 0.0, -0.05]
 * /stsm_handover/scene/interest_points/publish_points: True
 * /stsm_handover/scene/interest_points/rho_stop: 6.0
 * /stsm_handover/scene/interest_points/rho_warn: 3.5
 * /stsm_handover/scene/manifold/lam_s: 1.0
 * /stsm_handover/scene/manifold/manifold_phase_config/approach/adaptive: True
 * /stsm_handover/scene/manifold/manifold_phase_config/approach/end_clearance: 0.2
 * /stsm_handover/scene/manifold/manifold_phase_config/approach/start_clearance: 0.35
 * /stsm_handover/scene/manifold/manifold_phase_config/handover/clearance: 0.15
 * /stsm_handover/scene/manifold/manifold_phase_config/handover/interaction_clearance: 0.15
 * /stsm_handover/scene/manifold/manifold_phase_config/return/adaptive: True
 * /stsm_handover/scene/manifold/manifold_phase_config/return/end_clearance: 0.35
 * /stsm_handover/scene/manifold/manifold_phase_config/return/start_clearance: 0.2
 * /stsm_handover/scene/manifold/rho_ee: 2.0
 * /stsm_handover/scene/manifold_phase_config/approach/adaptive: True
 * /stsm_handover/scene/manifold_phase_config/approach/end_clearance: 0.2
 * /stsm_handover/scene/manifold_phase_config/approach/start_clearance: 0.35
 * /stsm_handover/scene/manifold_phase_config/handover/clearance: 0.15
 * /stsm_handover/scene/manifold_phase_config/return/adaptive: True
 * /stsm_handover/scene/manifold_phase_config/return/end_clearance: 0.35
 * /stsm_handover/scene/manifold_phase_config/return/start_clearance: 0.2
 * /stsm_handover/scene/mpc/body_slow_radius: 0.45
 * /stsm_handover/scene/mpc/clearance_threshold: 0.08
 * /stsm_handover/scene/mpc/dq_max: 0.6
 * /stsm_handover/scene/mpc/manifold_constraint_mode: soft
 * /stsm_handover/scene/mpc/manifold_hard_tolerance: 0.25
 * /stsm_handover/scene/mpc/manifold_soft_tolerance: 0.08
 * /stsm_handover/scene/mpc/manifold_threshold: 6.0
 * /stsm_handover/scene/mpc/mpc_manifold_constraint_mode: soft
 * /stsm_handover/scene/mpc/near_radius: 0.12
 * /stsm_handover/scene/mpc/path_shortcut_enabled: True
 * /stsm_handover/scene/mpc/path_shortcut_passes: 2
 * /stsm_handover/scene/mpc/path_shortcut_rho: 6.0
 * /stsm_handover/scene/mpc/path_shortcut_samples: 8
 * /stsm_handover/scene/mpc/phase_cost_weights/approach/risk_multiplier: 1.8
 * /stsm_handover/scene/mpc/phase_cost_weights/approach/smooth_multiplier: 1.0
 * /stsm_handover/scene/mpc/phase_cost_weights/approach/task_multiplier: 1.0
 * /stsm_handover/scene/mpc/phase_cost_weights/approach/tracking_multiplier: 1.0
 * /stsm_handover/scene/mpc/phase_cost_weights/handover/risk_multiplier: 0.7
 * /stsm_handover/scene/mpc/phase_cost_weights/handover/smooth_multiplier: 1.0
 * /stsm_handover/scene/mpc/phase_cost_weights/handover/task_multiplier: 3.0
 * /stsm_handover/scene/mpc/phase_cost_weights/handover/tracking_multiplier: 3.0
 * /stsm_handover/scene/mpc/phase_cost_weights/return/risk_multiplier: 1.8
 * /stsm_handover/scene/mpc/phase_cost_weights/return/smooth_multiplier: 1.0
 * /stsm_handover/scene/mpc/phase_cost_weights/return/task_multiplier: 1.0
 * /stsm_handover/scene/mpc/phase_cost_weights/return/tracking_multiplier: 1.0
 * /stsm_handover/scene/mpc/risk_slow_threshold: 2.6
 * /stsm_handover/scene/mpc/risk_stop_threshold: 6.0
 * /stsm_handover/scene/mpc/risk_threshold: 6.0
 * /stsm_handover/scene/mpc/servo_gain: 1.35
 * /stsm_handover/scene/mpc/stsm_speed_scale: 0.6
 * /stsm_handover/scene/mpc/v_cap_body: 0.05
 * /stsm_handover/scene/mpc/v_cap_far: 0.18
 * /stsm_handover/scene/mpc/v_cap_near: 0.04
 * /stsm_handover/scene/mpc/v_cap_risk: 0.08
 * /stsm_handover/scene/mpc/weights/control: 0.1
 * /stsm_handover/scene/mpc/weights/corridor: 10.0
 * /stsm_handover/scene/mpc/weights/manifold: 10.0
 * /stsm_handover/scene/mpc/weights/risk: 1.0
 * /stsm_handover/scene/mpc/weights/smooth: 0.2
 * /stsm_handover/scene/mpc/weights/topology: 5.0
 * /stsm_handover/scene/mpc/weights/track: 1.0
 * /stsm_handover/scene/person/body_parts/chest/pos: [0.78, 0.0, 0.31]
 * /stsm_handover/scene/person/body_parts/chest/sigma: 0.18
 * /stsm_handover/scene/person/body_parts/chest/weight: 1.6
 * /stsm_handover/scene/person/body_parts/hand/pos: [0.42, 0.0, 0.21]
 * /stsm_handover/scene/person/body_parts/hand/sigma: 0.1
 * /stsm_handover/scene/person/body_parts/hand/weight: 0.3
 * /stsm_handover/scene/person/body_parts/head/pos: [0.78, 0.0, 0.61]
 * /stsm_handover/scene/person/body_parts/head/sigma: 0.13
 * /stsm_handover/scene/person/body_parts/head/weight: 3.0
 * /stsm_handover/scene/person/heading: 3.14159
 * /stsm_handover/scene/person/posture: sitting
 * /stsm_handover/scene/person/ref_pos: [0.78, 0.0, 0.31]
 * /stsm_handover/scene/person/vulnerability: 1.3
 * /stsm_handover/scene/safety_gate/abort_on_stop: True
 * /stsm_handover/scene/safety_gate/enabled: True
 * /stsm_handover/scene/safety_gate/hold_dt: 0.2
 * /stsm_handover/scene/safety_gate/min_scale: 0.15
 * /stsm_handover/scene/safety_gate/rho_stop: 6.0
 * /stsm_handover/scene/safety_gate/rho_warn: 3.5
 * /stsm_handover/scene/topology/allow_graph_fallback_with_morse: False
 * /stsm_handover/scene/topology/allow_ring_with_morse: False
 * /stsm_handover/scene/topology/allow_semantic_topology_recovery: False
 * /stsm_handover/scene/topology/allow_semantic_with_morse: False
 * /stsm_handover/scene/topology/candidate_max_risk: 6.0
 * /stsm_handover/scene/topology/candidate_pool_min: 3
 * /stsm_handover/scene/topology/corridor_dedupe_distance: 0.04
 * /stsm_handover/scene/topology/corridor_radius: 0.08
 * /stsm_handover/scene/topology/corridor_score_weights/curvature: 1.0
 * /stsm_handover/scene/topology/corridor_score_weights/exec: 1.0
 * /stsm_handover/scene/topology/corridor_score_weights/length: 1.0
 * /stsm_handover/scene/topology/corridor_score_weights/max_risk: 2.0
 * /stsm_handover/scene/topology/corridor_score_weights/motion: 1.5
 * /stsm_handover/scene/topology/corridor_score_weights/risk: 4.0
 * /stsm_handover/scene/topology/corridor_score_weights/smooth: 1.5
 * /stsm_handover/scene/topology/corridor_score_weights/task: 2.0
 * /stsm_handover/scene/topology/corridor_score_weights/topology: 0.35
 * /stsm_handover/scene/topology/corridor_violation_gain: 1.5
 * /stsm_handover/scene/topology/enabled: True
 * /stsm_handover/scene/topology/fallback_enabled: False
 * /stsm_handover/scene/topology/goal_saddle_exclusion: 0.08
 * /stsm_handover/scene/topology/grid_resolution: auto
 * /stsm_handover/scene/topology/hard_clearance: auto
 * /stsm_handover/scene/topology/k_paths: 3
 * /stsm_handover/scene/topology/lambda_execution: 0.2
 * /stsm_handover/scene/topology/lambda_saddle_value: 0.3
 * /stsm_handover/scene/topology/lambda_tracking: 0.2
 * /stsm_handover/scene/topology/lateral_margin: 0.45
 * /stsm_handover/scene/topology/longitudinal_margin: 0.08
 * /stsm_handover/scene/topology/mandatory_topology_tolerance: 0.025
 * /stsm_handover/scene/topology/max_corridor_curvature: 120.0
 * /stsm_handover/scene/topology/max_corridor_turn: 3.2
 * /stsm_handover/scene/topology/max_graph_nodes: 24
 * /stsm_handover/scene/topology/merge_radius: auto
 * /stsm_handover/scene/topology/min_clearance: auto
 * /stsm_handover/scene/topology/min_saddle_[ WARN] [1787131409.233967345]: Kinematics solver doesn't support #attempts anymore, but only a timeout.
Please remove the parameter '/robot_description_kinematics/elfin_arm/kinematics_solver_attempts' from your configuration.
[ WARN] [1787131409.236627007]: IK plugin for group 'elfin_arm' relies on deprecated API. Please implement initialize(RobotModel, ...).
[INFO] [1787131409.450962, 0.000000]: Loading model XML from ros parameter robot_description
[INFO] [1787131409.453369, 0.000000]: Waiting for service /gazebo/spawn_urdf_model
[INFO] [1787131409.454067, 0.000000]: Calling service /gazebo/spawn_urdf_model
[INFO] [1787131409.572092, 0.172000]: Spawn status: SpawnModel: Successfully spawned entity
[ERROR] [1787131409.927180917, 0.172000000]: No p gain specified for pid.  Namespace: /gazebo_ros_control/pid_gains/elfin_joint1
[ERROR] [1787131409.927413772, 0.172000000]: No p gain specified for pid.  Namespace: /gazebo_ros_control/pid_gains/elfin_joint2
[ERROR] [1787131409.927602184, 0.172000000]: No p gain specified for pid.  Namespace: /gazebo_ros_control/pid_gains/elfin_joint3
[ERROR] [1787131409.927771089, 0.172000000]: No p gain specified for pid.  Namespace: /gazebo_ros_control/pid_gains/elfin_joint4
[ERROR] [1787131409.927935833, 0.172000000]: No p gain specified for pid.  Namespace: /gazebo_ros_control/pid_gains/elfin_joint5
[ERROR] [1787131409.928092323, 0.172000000]: No p gain specified for pid.  Namespace: /gazebo_ros_control/pid_gains/elfin_joint6
Loaded 'elfin_arm_controller'
Started ['elfin_arm_controller'] successfully
Loaded 'joint_state_controller'
Started ['joint_state_controller'] successfully
[ INFO] [1787131409.095580320]: Loading robot model 'elfin3'...
[ INFO] [1787131409.095917654]: No root/virtual joint specified in SRDF. Assuming fixed joint
[ INFO] [1787131409.237491339]: IK Using joint elfin_link1 -3.14 3.14
[ INFO] [1787131409.237498408]: IK Using joint elfin_link2 -2.35 2.35
[ INFO] [1787131409.237502166]: IK Using joint elfin_link3 -2.61 2.61
[ INFO] [1787131409.237505706]: IK Using joint elfin_link4 -3.14 3.14
[ INFO] [1787131409.237509790]: IK Using joint elfin_link5 -2.56 2.56
[ INFO] [1787131409.237513322]: IK Using joint elfin_link6 -3.14 3.14
[ INFO] [1787131409.237517959]: Looking in common namespaces for param name: elfin_arm/position_only_ik
[ INFO] [1787131409.237806098]: Looking in common namespaces for param name: elfin_arm/solve_type
[ INFO] [1787131409.238056537]: Using solve type Speed
[ INFO] [1787131409.668266229]: Publishing maintained planning scene on 'monitored_planning_scene'
[ INFO] [1787131409.668802470]: MoveGroup debug mode is OFF
[96mStarting planning scene monitors...
[0m[ INFO] [1787131409.668807734]: Starting planning scene monitor
[ INFO] [1787131409.669221328]: Listening to '/planning_scene'
[ INFO] [1787131409.669225666]: Starting world geometry update monitor for collision objects, attached objects, octomap updates.
[ INFO] [1787131409.669623484]: Listening to '/collision_object'
[ INFO] [1787131409.670014595]: Listening to '/planning_scene_world' for planning scene world geometry
[ INFO] [1787131409.670167248]: No 3D sensor plugin(s) defined for octomap updates
[ INFO] [1787131410.483822175, 0.725000000]: Listening to '/attached_collision_object' for attached collision objects
[96mPlanning scene monitors started.
[0m[ INFO] [1787131410.491610255, 0.733000000]: Initializing OMPL interface using ROS parameters
[ INFO] [1787131410.496080893, 0.737000000]: Using planning interface 'OMPL'
[ INFO] [1787131410.497219676, 0.739000000]: Param 'default_workspace_bounds' was not set. Using default value: 10
[ INFO] [1787131410.497358806, 0.739000000]: Param 'start_state_max_bounds_error' was set to 0.1
[ INFO] [1787131410.497426102, 0.739000000]: Param 'start_state_max_dt' was not set. Using default value: 0.5
[ INFO] [1787131410.497561202, 0.739000000]: Param 'start_state_max_dt' was not set. Using default value: 0.5
[ INFO] [1787131410.497632722, 0.739000000]: Param 'jiggle_fraction' was set to 0.05
[ INFO] [1787131410.497698885, 0.739000000]: Param 'max_sampling_attempts' was not set. Using default value: 100
[ INFO] [1787131410.497706949, 0.739000000]: Using planning request adapter 'Add Time Parameterization'
[ INFO] [1787131410.497710762, 0.739000000]: Using planning request adapter 'Fix Workspace Bounds'
[ INFO] [1787131410.497714686, 0.739000000]: Using planning request adapter 'Fix Start State Bounds'
[ INFO] [1787131410.497718486, 0.739000000]: Using planning request adapter 'Fix Start State In Collision'
[ INFO] [1787131410.497722053, 0.739000000]: Using planning request adapter 'Fix Start State Path Constraints'
[ INFO] [1787131410.724769294, 0.966000000]: Added FollowJointTrajectory controller for elfin_arm_controller
[ INFO] [1787131410.724997663, 0.966000000]: Returned 1 controllers in list
[ INFO] [1787131410.734022662, 0.975000000]: Trajectory execution is managing controllers
[96mLoading 'move_group/ApplyPlanningSceneService'...
[0m[96mLoading 'move_group/ClearOctomapService'...
[0m[96mLoading 'move_group/MoveGroupCartesianPathService'...
[0m[96mLoading 'move_group/MoveGroupExecuteTrajectoryAction'...
[0m[96mLoading 'move_group/MoveGroupGetPlanningSceneService'...
[0m[96mLoading 'move_group/MoveGroupKinematicsService'...
[0m[96mLoading 'move_group/MoveGroupMoveAction'...
[0m[96mLoading 'move_group/MoveGroupPickPlaceAction'...
[0m[96mLoading 'move_group/MoveGroupPlanService'...
[0m[96mLoading 'move_group/MoveGroupQueryPlannersService'...
[0m[96mLoading 'move_group/MoveGroupStateValidationService'...
[0m[ INFO] [1787131410.759226073, 1.000000000]: 

********************************************************
* MoveGroup using: 
*     - ApplyPlanningSceneService
*     - ClearOctomapService
*     - CartesianPathService
*     - ExecuteTrajectoryAction
*     - GetPlanningSceneService
*     - KinematicsService
*     - MoveAction
*     - PickPlaceAction
*     - MotionPlanService
*     - QueryPlannersService
*     - StateValidationService
********************************************************

[ INFO] [1787131410.759268422, 1.000000000]: MoveGroup context using planning plugin ompl_interface/OMPLPlanner
[ INFO] [1787131410.759279497, 1.000000000]: MoveGroup context initialization complete
[92m
You can start planning now!

[0m[ INFO] [1787131429.575443000, 19.799000000]: Combined planning and execution request received for MoveGroup action. Forwarding to planning and execution pipeline.
[ INFO] [1787131429.575719440, 19.800000000]: Goal constraints are already satisfied. No need to plan or execute any motions
[ INFO] [1787131429.576327555, 19.800000000]: Received event 'stop'
[ INFO] [1787131470.136811094, 60.319000000]: Combined planning and execution request received for MoveGroup action. Forwarding to planning and execution pipeline.
[ INFO] [1787131470.137021700, 60.319000000]: Planning attempt 1 of at most 1
[ INFO] [1787131470.138844570, 60.321000000]: Planner configuration 'elfin_arm' will use planner 'geometric::RRTConnect'. Additional configuration parameters will be set when the planner is constructed.
[ INFO] [1787131470.139537331, 60.321000000]: RRTConnect: Starting planning with 1 states already in datastructure
[ INFO] [1787131470.150221674, 60.332000000]: RRTConnect: Created 5 states (2 start + 3 goal)
[ INFO] [1787131470.150293245, 60.332000000]: Solution found in 0.010924 seconds
[ INFO] [1787131470.153611583, 60.335000000]: SimpleSetup: Path simplification took 0.003168 seconds and changed from 4 to 2 states
[ INFO] [1787131470.154979575, 60.337000000]: Disabling trajectory recording
[ INFO] [1787131476.062122662, 66.239000000]: Controller elfin_arm_controller successfully finished
[ INFO] [1787131476.062188110, 66.239000000]: Completed trajectory execution with status SUCCEEDED ...
[ INFO] [1787131476.072170688, 66.249000000]: Received event 'stop'
[ INFO] [1787131484.446751503, 74.619000000]: Combined planning and execution request received for MoveGroup action. Forwarding to planning and execution pipeline.
[ INFO] [1787131484.446842615, 74.619000000]: Goal constraints are already satisfied. No need to plan or execute any motions
[ INFO] [1787131484.447097130, 74.619000000]: Received event 'stop'
[ INFO] [1787131575.308285377, 165.419000000]: Combined planning and execution request received for MoveGroup action. Forwarding to planning and execution pipeline.
[ INFO] [1787131575.308390774, 165.419000000]: Planning attempt 1 of at most 1
[ INFO] [1787131575.309006292, 165.420000000]: Planner configuration 'elfin_arm' will use planner 'geometric::RRTConnect'. Additional configuration parameters will be set when the planner is constructed.
[ INFO] [1787131575.309182604, 165.420000000]: RRTConnect: Starting planning with 1 states already in datastructure
[ INFO] [1787131575.319327996, 165.430000000]: RRTConnect: Created 5 states (2 start + 3 goal)
[ INFO] [1787131575.319343056, 165.430000000]: Solution found in 0.010212 seconds
[ INFO] [1787131575.319832604, 165.431000000]: SimpleSetup: Path simplification took 0.000481 seconds and changed from 4 to 2 states
[ INFO] [1787131581.333953850, 171.439000000]: Controller elfin_arm_controller successfully finished
[ INFO] [1787131581.353453966, 171.459000000]: Completed trajectory execution with status SUCCEEDED ...
[ INFO] [1787131581.354344894, 171.460000000]: Received event 'stop'
[ INFO] [1787131409.209909028]: Finished loading Gazebo ROS API Plugin.
[ INFO] [1787131409.210506731]: waitForService: Service [/gazebo/set_physics_properties] has not been advertised, waiting...
[ INFO] [1787131409.352501728]: waitForService: Service [/gazebo/set_physics_properties] is now available.
[ INFO] [1787131409.359398088, 0.003000000]: Physics dynamic reconfigure ready.
[ INFO] [1787131409.821379948, 0.172000000]: Loading gazebo_ros_control plugin
[ INFO] [1787131409.821418782, 0.172000000]: Starting gazebo_ros_control plugin in namespace: /
[ INFO] [1787131409.821915290, 0.172000000]: gazebo_ros_control plugin is waiting for model URDF in parameter [robot_description] on the ROS param server.
[ INFO] [1787131409.929795838, 0.172000000]: Loaded gazebo_ros_control.
offset: 0.09
 * /stsm_handover/scene/topology/min_segment_length: 0.01
 * /stsm_handover/scene/topology/morse_core_required: True
 * /stsm_handover/scene/topology/morse_decision_mode: priority
 * /stsm_handover/scene/topology/morse_grad_eps: 0.6
 * /stsm_handover/scene/topology/morse_minima_priority_ratio: 0.25
 * /stsm_handover/scene/topology/morse_mix_priority_ratio: 0.5
 * /stsm_handover/scene/topology/morse_priority_ratio: 0.25
 * /stsm_handover/scene/topology/morse_saddle_priority_ratio: 0.5
 * /stsm_handover/scene/topology/morse_w_barrier: 0.8
 * /stsm_handover/scene/topology/morse_w_goal: 0.25
 * /stsm_handover/scene/topology/morse_w_social: 1.2
 * /stsm_handover/scene/topology/neighbor_k: auto
 * /stsm_handover/scene/topology/profile: arm
 * /stsm_handover/scene/topology/protected_saddle_tolerance: 0.035
 * /stsm_handover/scene/topology/refinement_enabled: True
 * /stsm_handover/scene/topology/refinement_samples_per_segment: 24
 * /stsm_handover/scene/topology/require_risk_improvement: True
 * /stsm_handover/scene/topology/saddle_tie_ratio: 0.1
 * /stsm_handover/scene/topology/safety_regions: [{'name': 'handov...
 * /stsm_handover/scene/wait_pose: [0.3, 0.0, 0.3]
 * /stsm_social_field_viz/path_yaw_offset: -1.57079632679
 * /stsm_social_field_viz/target: arm
 * /use_sim_time: True

NODES
  /
    elfin_arm_controller_spawner (controller_manager/controller_manager)
    fake_joint_calibration (rostopic/rostopic)
    gazebo (gazebo_ros/gzserver)
    joint_state_controller_spawner (controller_manager/controller_manager)
    move_group (moveit_ros_move_group/move_group)
    robot_state_publisher (robot_state_publisher/robot_state_publisher)
    stsm_social_field_viz (stsm_madp/social_field_viz_node.py)
    urdf_spawner (gazebo_ros/spawn_model)

[1mROS_MASTER_URI=http://localhost:11311[0m
]2;/home/sun/LLL/catkin_ws/src/stsm_madp/launch/arm_view.launch http://localhost:11311
[1mprocess[gazebo-1]: started with pid [5525][0m
[1mprocess[urdf_spawner-2]: started with pid [5531][0m
[1mprocess[fake_joint_calibration-3]: started with pid [5532][0m
[1mprocess[robot_state_publisher-4]: started with pid [5533][0m
[1mprocess[joint_state_controller_spawner-5]: started with pid [5534][0m
[1mprocess[elfin_arm_controller_spawner-6]: started with pid [5535][0m
[1mprocess[move_group-7]: started with pid [5536][0m
[1mprocess[stsm_social_field_viz-8]: started with pid [5552][0m
[1m[urdf_spawner-2] process has finished cleanly
log file: /home/sun/.ros/log/10f36c30-9ba8-11f1-9ff1-fc221c3008c1/urdf_spawner-2*.log[0m
[1m[joint_state_controller_spawner-5] process has finished cleanly
log file: /home/sun/.ros/log/10f36c30-9ba8-11f1-9ff1-fc221c3008c1/joint_state_controller_spawner-5*.log[0m
[1m[elfin_arm_controller_spawner-6] process has finished cleanly
log file: /home/sun/.ros/log/10f36c30-9ba8-11f1-9ff1-fc221c3008c1/elfin_arm_controller_spawner-6*.log[0m
[stsm_social_field_viz-8] killing on exit
[move_group-7] killing on exit
[robot_state_publisher-4] killing on exit
[fake_joint_calibration-3] killing on exit
[gazebo-1] killing on exit
shutting down processing monitor...
... shutting down processing monitor complete
[1mdone[0m
