... logging to /root/.ros/log/5cbe18ea-a1d9-11f1-929c-525400cb26f4/roslaunch-VM-32-120-ubuntu-2693.log
Checking log directory for disk usage. This may take a while.
Press Ctrl-C to interrupt
Done checking log file disk usage. Usage is <1GB.
]2;/home/sun/LLL/catkin_ws/src/stsm_madp/launch/wheelchair_action.launch
[1mstarted roslaunch server http://VM-32-120-ubuntu:42141/[0m

SUMMARY
========

PARAMETERS
 * /rosdistro: melodic
 * /rosversion: 1.14.13
 * /stsm_wheelchair/adp_debug: False
 * /stsm_wheelchair/adp_enabled: False
 * /stsm_wheelchair/adp_min_scale: 0.35
 * /stsm_wheelchair/adp_model: /home/sun/LLL/cat...
 * /stsm_wheelchair/adp_post_scale_enabled: False
 * /stsm_wheelchair/baseline: True
 * /stsm_wheelchair/baseline_direct_retry_weight: 8.0
 * /stsm_wheelchair/baseline_grid_resolution: 0.1
 * /stsm_wheelchair/baseline_min_lateral_deviation: 0.25
 * /stsm_wheelchair/baseline_risk_weight: 2.5
 * /stsm_wheelchair/baseline_turn_weight: 0.08
 * /stsm_wheelchair/baseline_type: direct
 * /stsm_wheelchair/completion_hold_s: 1.5
 * /stsm_wheelchair/completion_tolerance: 0.25
 * /stsm_wheelchair/corridor_speed_slowdown_gain: 0.18
 * /stsm_wheelchair/corridor_tube_gain: 0.8
 * /stsm_wheelchair/decision_trace_out: /home/sun/LLL/cat...
 * /stsm_wheelchair/experiment_mode: paper
 * /stsm_wheelchair/final_approach_radius: 0.9
 * /stsm_wheelchair/final_creep_v: 0.1
 * /stsm_wheelchair/final_direct_override_enabled: True
 * /stsm_wheelchair/final_direct_override_radius: 0.9
 * /stsm_wheelchair/final_forward_gain: 0.75
 * /stsm_wheelchair/final_heading_gain: 1.6
 * /stsm_wheelchair/final_heading_threshold: 0.75
 * /stsm_wheelchair/final_max_v: 0.3
 * /stsm_wheelchair/final_min_v: 0.16
 * /stsm_wheelchair/goal_tolerance: 0.08
 * /stsm_wheelchair/interest_points/enabled: True
 * /stsm_wheelchair/interest_points/forbidden_stop_enabled: True
 * /stsm_wheelchair/interest_points/gate_enabled: True
 * /stsm_wheelchair/interest_points/min_scale: 0.2
 * /stsm_wheelchair/interest_points/rho_stop: 7.0
 * /stsm_wheelchair/interest_points/rho_warn: 5.0
 * /stsm_wheelchair/lam_heading: 2.5
 * /stsm_wheelchair/lam_stall: 10.0
 * /stsm_wheelchair/lambda_adp: 0.005
 * /stsm_wheelchair/lambda_adp_corridor: 0.05
 * /stsm_wheelchair/lambda_adp_terminal: 0.0015
 * /stsm_wheelchair/max_runtime_s: 180.0
 * /stsm_wheelchair/min_progress_per_solve: 0.005
 * /stsm_wheelchair/mpc/a_max: 0.5
 * /stsm_wheelchair/mpc/alpha_max: 1.5
 * /stsm_wheelchair/mpc/beam_width: 12
 * /stsm_wheelchair/mpc/dt: 0.2
 * /stsm_wheelchair/mpc/heading_recovery_w_max: 0.95
 * /stsm_wheelchair/mpc/horizon: 12
 * /stsm_wheelchair/mpc/manifold_constraint_mode: soft
 * /stsm_wheelchair/mpc/manifold_hard_tolerance: 0.25
 * /stsm_wheelchair/mpc/manifold_soft_tolerance: 0.08
 * /stsm_wheelchair/mpc/mpc_manifold_constraint_mode: soft
 * /stsm_wheelchair/mpc_cost_breakdown_out: /home/sun/LLL/cat...
 * /stsm_wheelchair/mpc_diagnostics_out: /home/sun/LLL/cat...
 * /stsm_wheelchair/mpc_reference_out: /home/sun/LLL/cat...
 * /stsm_wheelchair/mpc_use_adp_terminal: True
 * /stsm_wheelchair/near_goal_adp_scale: 0.2
 * /stsm_wheelchair/near_goal_goal_weight: 18.0
 * /stsm_wheelchair/near_goal_radius: 0.5
 * /stsm_wheelchair/near_goal_social_scale: 0.5
 * /stsm_wheelchair/no_progress_epsilon: 0.02
 * /stsm_wheelchair/no_progress_replan_time: 5.0
 * /stsm_wheelchair/no_progress_timeout_s: 45.0
 * /stsm_wheelchair/progress_eps: 0.01
 * /stsm_wheelchair/progress_reward_weight: 2.8
 * /stsm_wheelchair/ref_progress_reward_weight: 1.0
 * /stsm_wheelchair/replan_period: 5.0
 * /stsm_wheelchair/replan_tube_margin: 0.08
 * /stsm_wheelchair/reset_on_start: True
 * /stsm_wheelchair/safety_gate/abort_on_stop: True
 * /stsm_wheelchair/safety_gate/enabled: True
 * /stsm_wheelchair/safety_gate/min_scale: 0.2
 * /stsm_wheelchair/safety_gate/rho_stop: 2.5
 * /stsm_wheelchair/safety_gate/rho_warn: 1.6
 * /stsm_wheelchair/speed_reward_weight: 0.25
 * /stsm_wheelchair/start_pose: [2.0, 1.5, -2.4]
 * /stsm_wheelchair/stsm_liveness_w_max: 0.65
 * /stsm_wheelchair/stsm_progress_floor_w_max: 0.95
 * /stsm_wheelchair[WARN] [1787809054.239182, 14.084000]: [wc][baseline] direct line unsafe (footprint:forbidden_zone:footrest_left:table max_fp=6.488); using risk_grid_astar_safe_direct points=27->3 max_fp=6.490
[INFO] [1787809051.978595, 11.820000]: [wc] reset wheelchair to start pose [ 2.   1.5 -2.4]
[INFO] [1787809052.174294, 12.022000]: [wc] waiting for pose from /gazebo/model_states...
[INFO] [1787809052.176814, 12.024000]: [wc] start [ 2.   1.5 -2.4] -> goal [-0.55  0.55] (mode=baseline)
[INFO] [1787809054.255726, 14.100000]: [wc] pos=(1.96, 1.46, -2.40) dist=2.671 cmd=(v=0.100, w=-1.200)
[INFO] [1787809055.358745, 15.201000]: [wc] pos=(1.94, 1.45, -2.44) dist=2.652 cmd=(v=0.341, w=-1.200)
[INFO] [1787809056.457450, 16.298000]: [wc] pos=(1.89, 1.42, -2.55) dist=2.587 cmd=(v=0.436, w=-1.145)
[INFO] [1787809057.558866, 17.397000]: [wc] pos=(1.83, 1.40, -2.65) dist=2.529 cmd=(v=0.389, w=-1.075)
[INFO] [1787809058.562223, 18.398000]: [wc] pos=(1.81, 1.39, -2.69) dist=2.501 cmd=(v=0.521, w=-0.927)
[INFO] [1787809059.564617, 19.399000]: [wc] pos=(1.71, 1.36, -2.84) dist=2.407 cmd=(v=0.433, w=-0.753)
[INFO] [1787809060.666153, 20.499000]: [wc] pos=(1.58, 1.33, -2.89) dist=2.275 cmd=(v=0.438, w=-0.722)
[INFO] [1787809061.765257, 21.597000]: [wc] pos=(1.44, 1.30, -2.88) dist=2.123 cmd=(v=0.407, w=-0.819)
[INFO] [1787809062.767478, 22.598000]: [wc] pos=(1.32, 1.27, -2.88) dist=2.003 cmd=(v=0.414, w=-0.840)
[INFO] [1787809063.869703, 23.699000]: [wc] pos=(1.20, 1.24, -2.90) dist=1.885 cmd=(v=0.422, w=-0.827)
[INFO] [1787809064.969593, 24.796000]: [wc] pos=(1.11, 1.22, -2.89) dist=1.792 cmd=(v=0.455, w=-0.820)
[INFO] [1787809065.970834, 25.796000]: [wc] pos=(1.04, 1.20, -2.90) dist=1.722 cmd=(v=0.370, w=-0.950)
[INFO] [1787809066.977199, 26.801000]: [wc] pos=(1.02, 1.20, -2.91) dist=1.698 cmd=(v=0.491, w=-0.766)
[INFO] [1787809068.078606, 27.900000]: [wc] pos=(0.91, 1.18, -2.95) dist=1.588 cmd=(v=0.366, w=-0.878)
[INFO] [1787809069.176438, 28.997000]: [wc] pos=(0.82, 1.16, -2.92) dist=1.498 cmd=(v=0.401, w=-0.885)
[INFO] [1787809070.278551, 30.097000]: [wc] pos=(0.78, 1.15, -2.92) dist=1.456 cmd=(v=0.353, w=-0.974)
[INFO] [1787809071.281016, 31.099000]: [wc] pos=(0.74, 1.14, -2.91) dist=1.421 cmd=(v=0.454, w=-0.830)
[INFO] [1787809072.383860, 32.199000]: [wc] pos=(0.67, 1.12, -2.92) dist=1.352 cmd=(v=0.375, w=-0.961)
[INFO] [1787809073.484819, 33.299000]: [wc] pos=(0.65, 1.12, -2.94) dist=1.333 cmd=(v=0.356, w=-0.966)
[INFO] [1787809074.587849, 34.399000]: [wc] pos=(0.63, 1.12, -2.96) dist=1.315 cmd=(v=0.479, w=-0.727)
[INFO] [1787809075.687038, 35.497000]: [wc] pos=(0.48, 1.12, 3.09) dist=1.177 cmd=(v=0.482, w=-0.176)
[INFO] [1787809076.691482, 36.501000]: [wc] pos=(0.27, 1.16, 2.92) dist=1.021 cmd=(v=0.389, w=0.452)
[INFO] [1787809077.790841, 37.597000]: [wc] pos=(0.14, 1.20, 2.89) dist=0.945 cmd=(v=0.383, w=0.794)
[INFO] [1787809078.794311, 38.599000]: [wc] pos=(0.10, 1.21, 2.89) dist=0.925 cmd=(v=0.343, w=0.878)
[INFO] [1787809079.796264, 39.599000]: [wc] pos=(0.09, 1.21, 2.88) dist=0.920 cmd=(v=0.333, w=0.916)
[INFO] [1787809080.901413, 40.702000]: [wc] pos=(0.06, 1.22, 2.87) dist=0.907 cmd=(v=0.434, w=0.986)
[INFO] [1787809082.001574, 41.798000]: [wc] pos=(0.02, 1.23, 2.85) dist=0.891 cmd=(v=0.384, w=1.136)
[INFO] [1787809083.001839, 42.800000]: [wc] pos=(0.01, 1.23, 2.86) dist=0.885 cmd=(v=0.375, w=1.139)
[INFO] [1787809084.103994, 43.900000]: [wc] pos=(0.00, 1.24, 2.87) dist=0.882 cmd=(v=0.369, w=1.136)
[INFO] [1787809085.205621, 44.999000]: [wc] pos=(-0.00, 1.24, 2.89) dist=0.878 cmd=(v=0.363, w=1.134)
[INFO] [1787809086.304544, 46.097000]: [wc] pos=(-0.01, 1.24, 2.90) dist=0.874 cmd=(v=0.356, w=1.132)
[INFO] [1787809087.307724, 47.098000]: [wc] pos=(-0.02, 1.24, 2.91) dist=0.869 cmd=(v=0.348, w=1.133)
[INFO] [1787809088.412824, 48.201000]: [wc] pos=(-0.03, 1.24, 2.92) dist=0.866 cmd=(v=0.343, w=1.124)
[INFO] [1787809089.513273, 49.298000]: [wc] pos=(-0.04, 1.24, 2.94) dist=0.862 cmd=(v=0.336, w=1.125)
[INFO] [1787809090.614684, 50.399000]: [wc] pos=(-0.04, 1.24, 2.95) dist=0.859 cmd=(v=0.333, w=1.115)
[INFO] [1787809091.617215, 51.399000]: [wc] pos=(-0.06, 1.25, 2.96) dist=0.853 cmd=(v=0.463, w=1.006)
[INFO] [1787809092.717884, 52.498000]: [wc] pos=(-0.10, 1.26, 2.94) dist=0.836 cmd=(v=0.408, w=1.153)
[INFO] [1787809093.818784, 53.597000]: [wc] pos=(-0.12, 1.26, 2.96) dist=0.828 cmd=(v=0.392, w=1.165)
[INFO] [1787809094.822162, 54.599000]: [wc] pos=(-0.13, 1.26, 2.97) dist=0.825 cmd=(v=0.385, w=1.164)
[INFO] [1787809095.824320, 55.600000]: [wc] pos=(-0.15, 1.26, 2.99) dist=0.818 cmd=(v=0.371, w=1.173)
[INFO] [1787809096.923151, 56.697000]: [wc] pos=(-0.16, 1.26, 3.01) dist=0.811 cmd=(v=0.358, w=1.168)
[INFO] [1787809097.925116, 57.697000]: [wc] pos=(-0.18, 1.26, 3.03) dist=0.806 cmd=(v=0.349, w=1.163)
[INFO] [1787809098.929185, 58.700000]: [wc] pos=(-0.19, 1.26, 3.05) dist=0.800 cmd=(v=0.339, w=1.154)
[INFO] [1787809100.032440, 59.802000]: [wc] pos=(-0.20, 1.26, 3.08) dist=0.794 cmd=(v=0.330, w=1.200)
[INFO] [1787809101.130790, 60.897000]: [wc] pos=(-0.21, 1.26, 3.10) dist=0.787 cmd=(v=0.323, w=1.200)
[INFO] [1787809102.231125, 61.997000]: [wc] pos=(-0.23, 1.26, -3.14) dist=0.776 cmd=(v=0.312, w=1.200)
[INFO] [1787809103.233756, 62.998000]: [wc] pos=(-0.24, 1.25, -3.11) dist=0.767 cmd=(v=0.303, w=1.170)
[INFO] [1787809104.336663, 64.099000]: [wc] pos=(-0.25, 1.25, -3.09) dist=0.761 cmd=(v=0.296, w=1.149)
[INFO] [1787809105.437814, 65.199000]: [wc] pos=(-0.26, 1.25, -3.07) dist=0.754 cmd=(v=0.288, w=1.125)
[INFO] [1787809106.540926, 66.301000]: [wc] pos=(-0.27, 1.24, -3.05) dist=0.748 cmd=(v=0.281, w=1.105)
[INFO] [1787809107.640400, 67.398000]: [wc] pos=(-0.28, 1.24, -3.03) dist=0.742 cmd=(v=0.274, w=1.087)
[INFO] [1787809108.642460, 68.398000]: [wc] pos=(-0.29, 1.24, -3.01) dist=0.737 cmd=(v=0.268, w=1.072)
[INFO] [1787809109.645104, 69.399000]: [wc] pos=(-0.29, 1.24, -3.01) dist=0.737 cmd=(v=0.268, w=1.067)
[INFO] [1787809110.744405, 70.496000]: [wc] pos=(-0.29, 1.24, -3.01) dist=0.737 cmd=(v=0.268, w=1.063)
[INFO] [1787809111.748665, 71.499000]: [wc] pos=(-0.29, 1.24, -3.01) dist=0.737 cmd=(v=0.269, w=1.059)
[INFO] [1787809112.848621, 72.598000]: [wc] pos=(-0.29, 1.24, -3.01) dist=0.736 cmd=(v=0.269, w=1.054)
[INFO] [1787809113.952038, 73.700000]: [wc] pos=(-0.29, 1.24, -3.00) dist=0.736 cmd=(v=0.269, w=1.050)
[INFO] [1787809115.052669, 74.798000]: [wc] pos=(-0.29, 1.24, -3.00) dist=0.736 cmd=(v=0.270, w=1.045)
[INFO] [1787809116.152463, 75.897000]: [wc] pos=(-0.29, 1.24, -3.00) dist=0.736 cmd=(v=0.270, w=1.041)
[INFO] [1787809117.157455, 76.900000]: [wc] pos=(-0.29, 1.24, -3.00) dist=0.736 cmd=(v=0.270, w=1.037)
[INFO] [1787809118.255905, 77.997000]: [wc] pos=(-0.29, 1.24, -3.00) dist=0.736 cmd=(v=0.271, w=1.033)
[INFO] [1787809119.260637, 78.999000]: [wc] pos=(-0.29, 1.24, -3.00) dist=0.736 cmd=(v=0.271, w=1.029)
[INFO] [1787809120.262995, 80.000000]: [wc] pos=(-0.29, 1.24, -3.00) dist=0.735 cmd=(v=0.271, w=1.025)
[INFO] [1787809121.265219, 81.000000]: [wc] pos=(-0.29, 1.24, -3.00) dist=0.735 cmd=(v=0.272, w=1.021)
[INFO] [1787809122.364039, 82.098000]: [wc] pos=(-0.29, 1.24, -3.00) dist=0.735 cmd=(v=0.272, w=1.017)
[INFO] [1787809123.368595, 83.101000]: [wc] pos=(-0.29, 1.24, -3.00) dist=0.735 cmd=(v=0.272, w=1.013)
[INFO] [1787809124.469795, 84.200000]: [wc] pos=(-0.29, 1.24, -3.00) dist=0.735 cmd=(v=0.273, w=1.009)
[INFO] [1787809125.570218, 85.297000]: [wc] pos=(-0.29, 1.24, -3.00) dist=0.735 cmd=(v=0.273, w=1.005)
[INFO] [1787809126.571674, 86.299000]: [wc] pos=(-0.28, 1.24, -3.00) dist=0.735 cmd=(v=0.273, w=1.001)
[INFO] [1787809127.673681, 87.399000]: [wc] pos=(-0.29, 1.23, -2.99) dist=0.734 cmd=(v=0.273, w=0.997)
[INFO] [1787809128.775858, 88.498000]: [wc] pos=(-0.29, 1.23, -2.99) dist=0.731 cmd=(v=0.269, w=0.996)
[INFO] [1787809129.877714, 89.599000]: [wc] pos=(-0.29, 1.23, -2.99) dist=0.731 cmd=(v=0.269, w=0.991)
[INFO] [1787809130.879920, 90.599000]: [wc] pos=(-0.29, 1.23, -2.99) dist=0.731 cmd=(v=0.269, w=0.988)
[INFO] [1787809131.983466, 91.700000]: [wc] pos=(-0.30, 1.23, -2.98) dist=0.726 cmd=(v=0.262, w=0.987)
[INFO] [1787809133.084205, 92.799000]: [wc] pos=(-0.30, 1.23, -2.98) dist=0.726 cmd=(v=0.262, w=0.982)
[INFO] [1787809134.185661, 93.900000]: [wc] pos=(-0.30, 1.23, -2.97) dist=0.726 cmd=(v=0.262, w=0.978)
[INFO] [1787809135.287006, 94.999000]: [wc] pos=(-0.30, 1.23, -2.97) dist=0.726 cmd=(v=0.263, w=0.974)
[INFO] [1787809136.388406, 96.099000]: [wc] pos=(-0.30, 1.23, -2.96) dist=0.722 cmd=(v=0.258, w=0.967)
[INFO] [1787809137.490985, 97.199000]: [wc] pos=(-0.30, 1.23, -2.96) dist=0.722 cmd=(v=0.258, w=0.963)
[INFO] [1787809138.594213, 98.300000]: [wc] pos=(-0.31, 1.23, -2.95) dist=0.718 cmd=(v=0.253, w=0.958)
[INFO] [1787809139.693563, 99.398000]: [wc] pos=(-0.31, 1.23, -2.95) dist=0.718 cmd=(v=0.254, w=0.954)
[INFO] [1787809140.696080, 100.399000]: [wc] pos=(-0.31, 1.23, -2.95) dist=0.718 cmd=(v=0.254, w=0.949)
[INFO] [1787809141.799903, 101.501000]: [wc] pos=(-0.31, 1.22, -2.94) dist=0.714 cmd=(v=0.248, w=0.941)
[INFO] [1787809142.899933, 102.599000]: [wc] pos=(-0.32, 1.22, -2.93) dist=0.711 cmd=(v=0.244, w=0.936)
[INFO] [1787809143.901765, 103.601000]: [wc] pos=(-0.31, 1.22, -2.93) dist=0.711 cmd=(v=0.244, w=0.932)
[INFO] [1787809145.000942, 104.697000]: [wc] pos=(-0.32, 1.22, -2.93) dist=0.710 cmd=(v=0.243, w=0.926)
[INFO] [1787809146.004617, 105.700000]: [wc] pos=(-0.32, 1.22, -2.92) dist=0.707 cmd=(v=0.269, w=1.200)
[INFO] [1787809147.108847, 106.801000]: [wc] pos=(-0.32, 1.22, -2.91) dist=0.703 cmd=(v=0.267, w=1.200)
[INFO] [1787809148.205519, 107.896000]: [wc] pos=(-0.33, 1.21, -2.89) dist=0.700 cmd=(v=0.264, w=1.200)
[INFO] [1787809149.209921, 108.900000]: [wc] pos=(-0.33, 1.21, -2.88) dist=0.697 cmd=(v=0.261, w=1.200)
[INFO] [1787809150.211221, 109.899000]: [wc] pos=(-0.34, 1.21, -2.87) dist=0.694 cmd=(v=0.259, w=1.200)
[INFO] [1787809151.309343, 110.996000]: [wc] pos=(-0.34, 1.21, -2.85) dist=0.690 cmd=(v=0.256, w=1.200)
[INFO] [1787809152.314390, 112.000000]: [wc] pos=(-0.34, 1.21, -2.84) dist=0.687 cmd=(v=0.254, w=1.200)
[INFO] [1787809153.414872, 113.098000]: [wc] pos=(-0.34, 1.20, -2.84) dist=0.687 cmd=(v=0.255, w=1.200)
[INFO] [1787809154.518669, 114.200000]: [wc] pos=(-0.34, 1.20, -2.84) dist=0.686 cmd=(v=0.255, w=1.200)
[INFO] [1787809155.619288, 115.299000]: [wc] pos=(-0.34, 1.20, -2.83) dist=0.685 cmd=(v=0.254, w=1.200)
[INFO] [1787809156.722837, 116.401000]: [wc] pos=(-0.35, 1.20, -2.81) dist=0.680 cmd=(v=0.251, w=1.194)
[INFO] [1787809157.823829, 117.497000]: [wc] pos=(-0.35, 1.20, -2.79) dist=0.674 cmd=(v=0.248, w=1.163)
[INFO] [1787809158.826771, 118.498000]: [wc] pos=(-0.36, 1.19, -2.78) dist=0.672 cmd=(v=0.245, w=1.151)
[INFO] [1787809159.927916, 119.598000]: [wc] pos=(-0.36, 1.19, -2.77) dist=0.670 cmd=(v=0.244, w=1.141)
[INFO] [1787809161.032930, 120.700000]: [wc] pos=(-0.36, 1.19, -2.75) dist=0.664 cmd=(v=0.240, w=1.113)
[INFO] [1787809162.131685, 121.798000]: [wc] pos=(-0.37, 1.19, -2.74) dist=0.662 cmd=(v=0.237, w=1.100)
[INFO] [1787809163.233647, 122.898000]: [wc] pos=(-0.37, 1.18, -2.73) dist=0.660 cmd=(v=0.236, w=1.088)
[INFO] [1787809164.334605, 123.998000]: [wc] pos=(-0.37, 1.18, -2.72) dist=0.655 cmd=(v=0.232, w=1.069)
[INFO] [1787809165.436043, 125.097000]: [wc] pos=(-0.39, 1.17, -2.65) dist=0.636 cmd=(v=0.214, w=0.991)
[INFO] [1787809166.440322, 126.100000]: [wc] pos=(-0.41, 1.14, -2.49) dist=0.607 cmd=(v=0.191, w=0.717)
[INFO] [1787809167.541179, 127.199000]: [wc] pos=(-0.42, 1.14, -2.47) dist=0.600 cmd=(v=0.185, w=0.690)
[INFO] [1787809168.644117, 128.300000]: [wc] pos=(-0.42, 1.13, -2.46) dist=0.594 cmd=(v=0.177, w=0.673)
[INFO] [1787809169.741447, 129.395000]: [wc] pos=(-0.43, 1.12, -2.45) dist=0.588 cmd=(v=0.171, w=0.657)
[INFO] [1787809170.746058, 130.399000]: [wc] pos=(-0.43, 1.12, -2.43) dist=0.583 cmd=(v=0.165, w=0.640)
[INFO] [1787809171.848267, 131.500000]: [wc] pos=(-0.43, 1.12, -2.42) dist=0.578 cmd=(v=0.159, w=0.624)
[INFO] [1787809172.948090, 132.598000]: [wc] pos=(-0.44, 1.11, -2.41) dist=0.572 cmd=(v=0.222, w=0.931)
[INFO] [1787809173.951754, 133.600000]: [wc] pos=(-0.44, 1.11, -2.36) dist=0.567 cmd=(v=0.222, w=0.829)
[INFO] [1787809175.053099, 134.700000]: [wc] pos=(-0.44, 1.10, -2.34) dist=0.560 cmd=(v=0.216, w=0.809)
[INFO] [1787809176.155089, 135.801000]: [wc] pos=(-0.45, 1.09, -2.32) dist=0.553 cmd=(v=0.208, w=0.780)
[INFO] [1787809177.253896, 136.898000]: [wc] pos=(-0.45, 1.09, -2.31) dist=0.551 cmd=(v=0.207, w=0.764)
[INFO] [1787809178.257311, 137.900000]: [wc] pos=(-0.45, 1.09, -2.30) dist=0.549 cmd=(v=0.205, w=0.748)
[INFO] [1787809179.358447, 138.999000]: [wc] pos=(-0.45, 1.09, -2.29) dist=0.547 cmd=(v=0.204, w=0.732)
[INFO] [1787809180.463920, 140.101000]: [wc] pos=(-0.45, 1.08, -2.28) dist=0.544 cmd=(v=0.202, w=0.715)
[INFO] [1787809181.564380, 141.199000]: [wc] pos=(-0.45, 1.08, -2.27) dist=0.540 cmd=(v=0.197, w=0.705)
[INFO] [1787809182.566093, 142.199000]: [wc] pos=(-0.45, 1.08, -2.26) dist=0.535 cmd=(v=0.192, w=0.695)
[INFO] [1787809183.569093, 143.200000]: [wc] pos=(-0.46, 1.07, -2.25) dist=0.532 cmd=(v=0.189, w=0.683)
[INFO] [1787809184.667744, 144.298000]: [wc] pos=(-0.46, 1.07, -2.24) dist=0.527 cmd=(v=0.183, w=0.672)
[INFO] [1787809185.669758, 145.298000]: [wc] pos=(-0.46, 1.07, -2.23) dist=0.524 cmd=(v=0.180, w=0.659)
[INFO] [1787809186.674368, 146.301000]: [wc] pos=(-0.46, 1.06, -2.22) dist=0.520 cmd=(v=0.175, w=0.651)
[INFO] [1787809187.775566, 147.400000]: [wc] pos=(-0.46, 1.06, -2.21) dist=0.517 cmd=(v=0.173, w=0.639)
[INFO] [1787809188.874169, 148.496000]: [wc] pos=(-0.47, 1.06, -2.20) dist=0.513 cmd=(v=0.168, w=0.628)
[INFO] [1787809189.876475, 149.497000]: [wc] pos=(-0.47, 1.05, -2.19) dist=0.508 cmd=(v=0.190, w=0.687)
[INFO] [1787809190.880154, 150.499000]: [wc] pos=(-0.47, 1.05, -2.18) dist=0.503 cmd=(v=0.184, w=0.678)
[INFO] [1787809191.982245, 151.600000]: [wc] pos=(-0.47, 1.04, -2.17) dist=0.498 cmd=(v=0.178, w=0.669)
[INFO] [1787809193.082244, 152.698000]: [wc] pos=(-0.48, 1.04, -2.16) dist=0.493 cmd=(v=0.173, w=0.660)
[INFO] [1787809194.182560, 153.797000]: [wc] pos=(-0.48, 1.03, -2.15) dist=0.488 cmd=(v=0.168, w=0.652)
[INFO] [1787809195.187330, 154.800000]: [wc] pos=(-0.48, 1.03, -2.14) dist=0.484 cmd=(v=0.164, w=0.645)
[INFO] [1787809196.288064, 155.899000]: [wc] pos=(-0.48, 1.02, -2.13) dist=0.479 cmd=(v=0.186, w=0.683)
[INFO] [1787809197.390333, 157.000000]: [wc] pos=(-0.48, 1.02, -2.12) dist=0.473 cmd=(v=0.180, w=0.672)
[INFO] [1787809198.489513, 158.098000]: [wc] pos=(-0.49, 1.01, -2.11) dist=0.468 cmd=(v=0.174, w=0.663)
[INFO] [1787809199.594485, 159.201000]: [wc] pos=(-0.49, 1.01, -2.10) dist=0.463 cmd=(v=0.169, w=0.654)
[INFO] [1787809200.691212, 160.296000]: [wc] pos=(-0.49, 1.00, -2.09) dist=0.459 cmd=(v=0.164, w=0.647)
[INFO] [1787809201.696500, 161.299000]: [wc] pos=(-0.49, 1.00, -2.08) dist=0.454 cmd=(v=0.160, w=0.640)
[INFO] [1787809202.799631, 162.401000]: [wc] pos=(-0.49, 1.00, -2.07) dist=0.449 cmd=(v=0.154, w=0.632)
[INFO] [1787809203.899440, 163.499000]: [wc] pos=(-0.50, 0.99, -2.06) dist=0.445 cmd=(v=0.150, w=0.624)
[INFO] [1787809204.998661, 164.596000]: [wc] pos=(-0.50, 0.97, -2.02) dist=0.427 cmd=(v=0.132, w=0.570)
[INFO] [1787809206.001514, 165.598000]: [wc] pos=(-0.52, 0.89, -1.83) dist=0.347 cmd=(v=0.107, w=0.317)
[INFO] [1787809207.005922, 166.599000]: [wc] pos=(-0.52, 0.87, -1.77) dist=0.324 cmd=(v=0.111, w=0.184)
[INFO] [1787809208.108329, 167.700000]: [wc] pos=(-0.52, 0.87, -1.76) dist=0.318 cmd=(v=0.105, w=0.152)
[INFO] [1787809209.210500, 168.799000]: [wc] pos=(-0.52, 0.86, -1.76) dist=0.314 cmd=(v=0.102, w=0.155)
[INFO] [1787809210.309757, 169.897000]: [wc] pos=(-0.52, 0.86, -1.76) dist=0.311 cmd=(v=0.098, w=0.156)
[INFO] [1787809211.315087, 170.900000]: [wc] pos=(-0.52, 0.86, -1.75) dist=0.307 cmd=(v=0.094, w=0.156)
[INFO] [1787809212.414733, 171.998000]: [wc] pos=(-0.52, 0.85, -1.75) dist=0.303 cmd=(v=0.117, w=0.164)
[INFO] [1787809213.517586, 173.099000]: [wc] pos=(-0.52, 0.85, -1.75) dist=0.299 cmd=(v=0.113, w=0.168)
[INFO] [1787809214.618250, 174.198000]: [wc] pos=(-0.52, 0.84, -1.75) dist=0.295 cmd=(v=0.109, w=0.169)
[INFO] [1787809215.621156, 175.200000]: [wc] pos=(-0.52, 0.84, -1.75) dist=0.292 cmd=(v=0.105, w=0.170)
[INFO] [1787809216.721701, 176.299000]: [wc] pos=(-0.52, 0.84, -1.75) dist=0.288 cmd=(v=0.102, w=0.174)
[INFO] [1787809217.822836, 177.399000]: [wc] pos=(-0.52, 0.83, -1.75) dist=0.285 cmd=(v=0.098, w=0.177)
[INFO] [1787809218.922812, 178.497000]: [wc] pos=(-0.53, 0.83, -1.75) dist=0.281 cmd=(v=0.095, w=0.181)
[INFO] [1787809220.023636, 179.597000]: [wc] pos=(-0.53, 0.83, -1.74) dist=0.278 cmd=(v=0.091, w=0.187)
[INFO] [1787809221.028135, 180.600000]: [wc] pos=(-0.53, 0.82, -1.74) dist=0.275 cmd=(v=0.088, w=0.191)
[INFO] [1787809222.130670, 181.700000]: [wc] pos=(-0.53, 0.82, -1.74) dist=0.271 cmd=(v=0.085, w=0.192)
[INFO] [1787809223.231335, 182.798000]: [wc] pos=(-0.53, 0.82, -1.74) dist=0.268 cmd=(v=0.082, w=0.192)
[INFO] [1787809224.332063, 183.898000]: [wc] pos=(-0.53, 0.81, -1.74) dist=0.264 cmd=(v=0.079, w=0.191)
[INFO] [1787809225.435204, 184.999000]: [wc] pos=(-0.53, 0.81, -1.73) dist=0.261 cmd=(v=0.076, w=0.190)
[INFO] [1787809226.537267, 186.100000]: [wc] pos=(-0.53, 0.81, -1.73) dist=0.258 cmd=(v=0.073, w=0.189)
[INFO] [1787809227.636736, 187.197000]: [wc] pos=(-0.53, 0.80, -1.73) dist=0.255 cmd=(v=0.070, w=0.188)
[INFO] [1787809228.641048, 188.200000]: [wc] pos=(-0.53, 0.80, -1.73) dist=0.252 cmd=(v=0.068, w=0.187)
[INFO] [1787809231.041949, 190.596000]: [wc] completion tolerance reached, dist=0.247 (goal_tolerance=0.080, completion_tolerance=0.250)
[INFO] [1787809231.410865, 190.965000]: [wc][trace] wrote baseline evidence /home/sun/LLL/catkin_ws/src/stsm_madp/results/runs/20260827_R005/wheelchair/baseline/mpc_diagnostics.json
[INFO] [1787809231.414014, 190.967000]: [wc] done (stop=False, reason=)
/stsm_w_max: 0.95
 * /stsm_wheelchair/topology/allow_graph_fallback_with_morse: False
 * /stsm_wheelchair/topology/allow_ring_with_morse: False
 * /stsm_wheelchair/topology/allow_semantic_topology_recovery: False
 * /stsm_wheelchair/topology/allow_semantic_with_morse: False
 * /stsm_wheelchair/topology/candidate_max_risk: 7.0
 * /stsm_wheelchair/topology/candidate_pool_min: 3
 * /stsm_wheelchair/topology/enabled: True
 * /stsm_wheelchair/topology/fallback_enabled: False
 * /stsm_wheelchair/topology/grid_resolution: auto
 * /stsm_wheelchair/topology/hard_clearance: auto
 * /stsm_wheelchair/topology/k_paths: 3
 * /stsm_wheelchair/topology/lambda_execution: 0.2
 * /stsm_wheelchair/topology/lambda_saddle_value: 0.35
 * /stsm_wheelchair/topology/lambda_tracking: 0.35
 * /stsm_wheelchair/topology/max_corridor_curvature: 40.0
 * /stsm_wheelchair/topology/max_corridor_turn: 3.4
 * /stsm_wheelchair/topology/max_graph_nodes: 32
 * /stsm_wheelchair/topology/merge_radius: auto
 * /stsm_wheelchair/topology/min_clearance: auto
 * /stsm_wheelchair/topology/min_segment_length: 0.01
 * /stsm_wheelchair/topology/morse_core_required: True
 * /stsm_wheelchair/topology/morse_decision_mode: priority
 * /stsm_wheelchair/topology/morse_grad_eps: 0.6
 * /stsm_wheelchair/topology/morse_minima_priority_ratio: 0.25
 * /stsm_wheelchair/topology/morse_mix_priority_ratio: 0.5
 * /stsm_wheelchair/topology/morse_priority_ratio: 0.25
 * /stsm_wheelchair/topology/morse_saddle_priority_ratio: 0.5
 * /stsm_wheelchair/topology/morse_w_barrier: 0.6
 * /stsm_wheelchair/topology/morse_w_goal: 0.35
 * /stsm_wheelchair/topology/morse_w_social: 1.0
 * /stsm_wheelchair/topology/neighbor_k: auto
 * /stsm_wheelchair/topology/periodic_replan: False
 * /stsm_wheelchair/topology/profile: wheelchair
 * /stsm_wheelchair/topology/refinement_enabled: True
 * /stsm_wheelchair/topology/refinement_max_candidates: 3
 * /stsm_wheelchair/topology/refinement_samples_per_segment: 14
 * /stsm_wheelchair/topology/replan_min_interval: 30.0
 * /stsm_wheelchair/topology/replan_on_no_progress: True
 * /stsm_wheelchair/topology/replan_on_tube_exit: True
 * /stsm_wheelchair/topology/route_max_paths: 512
 * /stsm_wheelchair/topology/route_max_routes: 256
 * /stsm_wheelchair/topology/saddle_tie_ratio: 0.05

NODES
  /
    stsm_wheelchair (stsm_madp/wheelchair_node.py)

[1mROS_MASTER_URI=http://localhost:11311[0m
]2;/home/sun/LLL/catkin_ws/src/stsm_madp/launch/wheelchair_action.launch http://localhost:11311
[1mprocess[stsm_wheelchair-1]: started with pid [2713][0m
[1m[stsm_wheelchair-1] process has finished cleanly
log file: /root/.ros/log/5cbe18ea-a1d9-11f1-929c-525400cb26f4/stsm_wheelchair-1*.log[0m
all processes on machine have died, roslaunch will exit
shutting down processing monitor...
... shutting down processing monitor complete
[1mdone[0m
